../Core/Src/main.c:71:6:readDS1307	32	static
../Core/Src/main.c:75:9:dec2bcd	16	static
../Core/Src/main.c:79:9:bcd2dec	16	static
../Core/Src/main.c:82:6:writeDS1307	48	static
../Core/Src/main.c:96:13:dayOfWeekToString	16	static
../Core/Src/main.c:125:5:main	64	static
../Core/Src/main.c:210:6:SystemClock_Config	88	static
../Core/Src/main.c:258:13:MX_I2C1_Init	8	static
../Core/Src/main.c:292:13:MX_USART2_UART_Init	8	static
../Core/Src/main.c:325:13:MX_GPIO_Init	48	static
../Core/Src/main.c:365:6:Error_Handler	4	static,ignoring_inline_asm
